c:\university_c_drive\year_2_ee273_project\ee273-traffic-sim\ee273-traffic-sim\ee273-tr.dae23993\x64\debug\vc143.pdb
c:\university_c_drive\year_2_ee273_project\ee273-traffic-sim\ee273-traffic-sim\ee273-tr.dae23993\x64\debug\vc143.idb
c:\university_c_drive\year_2_ee273_project\ee273-traffic-sim\ee273-traffic-sim\ee273-tr.dae23993\x64\debug\vehicle.obj
c:\university_c_drive\year_2_ee273_project\ee273-traffic-sim\ee273-traffic-sim\ee273-tr.dae23993\x64\debug\turn.obj
c:\university_c_drive\year_2_ee273_project\ee273-traffic-sim\ee273-traffic-sim\ee273-tr.dae23993\x64\debug\tjunction.obj
c:\university_c_drive\year_2_ee273_project\ee273-traffic-sim\ee273-traffic-sim\ee273-tr.dae23993\x64\debug\simulationengine.obj
c:\university_c_drive\year_2_ee273_project\ee273-traffic-sim\ee273-traffic-sim\ee273-tr.dae23993\x64\debug\roads.obj
c:\university_c_drive\year_2_ee273_project\ee273-traffic-sim\ee273-traffic-sim\ee273-tr.dae23993\x64\debug\main.obj
c:\university_c_drive\year_2_ee273_project\ee273-traffic-sim\ee273-traffic-sim\ee273-tr.dae23993\x64\debug\junction.obj
c:\university_c_drive\year_2_ee273_project\ee273-traffic-sim\ee273-traffic-sim\ee273-tr.dae23993\x64\debug\grids.obj
c:\university_c_drive\year_2_ee273_project\ee273-traffic-sim\ee273-traffic-sim\ee273-tr.dae23993\x64\debug\crossjunction.obj
c:\university_c_drive\year_2_ee273_project\ee273-traffic-sim\ee273-traffic-sim\ee273-tr.dae23993\x64\debug\car.obj
c:\university_c_drive\year_2_ee273_project\ee273-traffic-sim\ee273-traffic-sim\ee273-tr.dae23993\x64\debug\bus.obj
c:\university_c_drive\year_2_ee273_project\ee273-traffic-sim\ee273-traffic-sim\ee273-tr.dae23993\x64\debug\bike.obj
c:\university_c_drive\year_2_ee273_project\ee273-traffic-sim\ee273-traffic-sim\ee273-tr.dae23993\x64\debug\cornerjunction.obj
c:\university_c_drive\year_2_ee273_project\ee273-traffic-sim\ee273-traffic-sim\x64\debug\ee273-traffic-sim.exe
c:\university_c_drive\year_2_ee273_project\ee273-traffic-sim\ee273-traffic-sim\x64\debug\ee273-traffic-sim.pdb
c:\university_c_drive\year_2_ee273_project\ee273-traffic-sim\ee273-traffic-sim\ee273-tr.dae23993\x64\debug\ee273-traffic-sim.ilk
c:\university_c_drive\year_2_ee273_project\ee273-traffic-sim\ee273-traffic-sim\ee273-tr.dae23993\x64\debug\bike.nativecodeanalysis.xml
c:\university_c_drive\year_2_ee273_project\ee273-traffic-sim\ee273-traffic-sim\ee273-tr.dae23993\x64\debug\bus.nativecodeanalysis.xml
c:\university_c_drive\year_2_ee273_project\ee273-traffic-sim\ee273-traffic-sim\ee273-tr.dae23993\x64\debug\car.nativecodeanalysis.xml
c:\university_c_drive\year_2_ee273_project\ee273-traffic-sim\ee273-traffic-sim\ee273-tr.dae23993\x64\debug\cornerjunction.nativecodeanalysis.xml
c:\university_c_drive\year_2_ee273_project\ee273-traffic-sim\ee273-traffic-sim\ee273-tr.dae23993\x64\debug\crossjunction.nativecodeanalysis.xml
c:\university_c_drive\year_2_ee273_project\ee273-traffic-sim\ee273-traffic-sim\ee273-tr.dae23993\x64\debug\grids.nativecodeanalysis.xml
c:\university_c_drive\year_2_ee273_project\ee273-traffic-sim\ee273-traffic-sim\ee273-tr.dae23993\x64\debug\junction.nativecodeanalysis.xml
c:\university_c_drive\year_2_ee273_project\ee273-traffic-sim\ee273-traffic-sim\ee273-tr.dae23993\x64\debug\main.nativecodeanalysis.xml
c:\university_c_drive\year_2_ee273_project\ee273-traffic-sim\ee273-traffic-sim\ee273-tr.dae23993\x64\debug\roads.nativecodeanalysis.xml
c:\university_c_drive\year_2_ee273_project\ee273-traffic-sim\ee273-traffic-sim\ee273-tr.dae23993\x64\debug\simulationengine.nativecodeanalysis.xml
c:\university_c_drive\year_2_ee273_project\ee273-traffic-sim\ee273-traffic-sim\ee273-tr.dae23993\x64\debug\tjunction.nativecodeanalysis.xml
c:\university_c_drive\year_2_ee273_project\ee273-traffic-sim\ee273-traffic-sim\ee273-tr.dae23993\x64\debug\turn.nativecodeanalysis.xml
c:\university_c_drive\year_2_ee273_project\ee273-traffic-sim\ee273-traffic-sim\ee273-tr.dae23993\x64\debug\vc.nativecodeanalysis.all.xml
c:\university_c_drive\year_2_ee273_project\ee273-traffic-sim\ee273-traffic-sim\ee273-tr.dae23993\x64\debug\vehicle.nativecodeanalysis.xml
c:\university_c_drive\year_2_ee273_project\ee273-traffic-sim\ee273-traffic-sim\ee273-tr.dae23993\x64\debug\ee273-tr.dae23993.tlog\cl.command.1.tlog
c:\university_c_drive\year_2_ee273_project\ee273-traffic-sim\ee273-traffic-sim\ee273-tr.dae23993\x64\debug\ee273-tr.dae23993.tlog\cl.items.tlog
c:\university_c_drive\year_2_ee273_project\ee273-traffic-sim\ee273-traffic-sim\ee273-tr.dae23993\x64\debug\ee273-tr.dae23993.tlog\cl.read.1.tlog
c:\university_c_drive\year_2_ee273_project\ee273-traffic-sim\ee273-traffic-sim\ee273-tr.dae23993\x64\debug\ee273-tr.dae23993.tlog\cl.write.1.tlog
c:\university_c_drive\year_2_ee273_project\ee273-traffic-sim\ee273-traffic-sim\ee273-tr.dae23993\x64\debug\ee273-tr.dae23993.tlog\link.command.1.tlog
c:\university_c_drive\year_2_ee273_project\ee273-traffic-sim\ee273-traffic-sim\ee273-tr.dae23993\x64\debug\ee273-tr.dae23993.tlog\link.read.1.tlog
c:\university_c_drive\year_2_ee273_project\ee273-traffic-sim\ee273-traffic-sim\ee273-tr.dae23993\x64\debug\ee273-tr.dae23993.tlog\link.secondary.1.tlog
c:\university_c_drive\year_2_ee273_project\ee273-traffic-sim\ee273-traffic-sim\ee273-tr.dae23993\x64\debug\ee273-tr.dae23993.tlog\link.write.1.tlog
